
> api@0.0.1 start:dev /home/saliou/Nesta/apps/api
> nest start --watch

[2J[3J[H[[90m18:39:48[0m] Starting compilation in watch mode...

[96msrc/auth/dto/login.dto.ts[0m:[93m1[0m:[93m35[0m - [91merror[0m[90m TS2307: [0mCannot find module 'class-validator' or its corresponding type declarations.

[7m1[0m import { IsEmail, IsString } from 'class-validator';
[7m [0m [91m                                  ~~~~~~~~~~~~~~~~~[0m

[96msrc/auth/dto/register.dto.ts[0m:[93m1[0m:[93m46[0m - [91merror[0m[90m TS2307: [0mCannot find module 'class-validator' or its corresponding type declarations.

[7m1[0m import { IsEmail, IsString, MinLength } from 'class-validator';
[7m [0m [91m                                             ~~~~~~~~~~~~~~~~~[0m

[96msrc/users/users.service.ts[0m:[93m12[0m:[93m7[0m - [91merror[0m[90m TS2322: [0mType 'CreateUserDto' is not assignable to type '(Without<UserCreateInput, UserUncheckedCreateInput> & UserUncheckedCreateInput) | (Without<...> & UserCreateInput)'.
  Type 'CreateUserDto' is not assignable to type 'Without<UserUncheckedCreateInput, UserCreateInput> & UserCreateInput'.
    Property 'password' is missing in type 'CreateUserDto' but required in type 'UserCreateInput'.

[7m12[0m       data: createUserDto,
[7m  [0m [91m      ~~~~[0m

  [96m../../node_modules/.pnpm/@prisma+client@6.16.2_prisma@6.16.2_typescript@5.9.2__typescript@5.9.2/node_modules/.prisma/client/index.d.ts[0m:[93m2062[0m:[93m5[0m
    [7m2062[0m     password: string
    [7m    [0m [96m    ~~~~~~~~[0m
    'password' is declared here.
  [96m../../node_modules/.pnpm/@prisma+client@6.16.2_prisma@6.16.2_typescript@5.9.2__typescript@5.9.2/node_modules/.prisma/client/index.d.ts[0m:[93m1720[0m:[93m5[0m
    [7m1720[0m     data: XOR<UserCreateInput, UserUncheckedCreateInput>
    [7m    [0m [96m    ~~~~[0m
    The expected type comes from property 'data' which is declared here on type '{ select?: UserSelect<DefaultArgs> | null | undefined; omit?: UserOmit<DefaultArgs> | null | undefined; data: (Without<UserCreateInput, UserUncheckedCreateInput> & UserUncheckedCreateInput) | (Without<...> & UserCreateInput); }'

[[90m18:39:57[0m] Found 3 errors. Watching for file changes.

